Microsoft (R) Macro Assembler Version 14.29.30133.0	    10/07/21 13:45:04
MASM Maquina de Refresco				     Page 1 - 1


				TITLE MASM Maquina de Refrescos

				; Description: Proyecto final de la unidad 2

				INCLUDE Irvine32.inc
			      C ; Include file for Irvine32.lib             (Irvine32.inc)
			      C 
			      C ;OPTION CASEMAP:NONE		; optional: make identifiers case-sensitive
			      C 
			      C INCLUDE SmallWin.inc		; MS-Windows prototypes, structures, and constants
			      C .NOLIST
			      C .LIST
			      C 
			      C INCLUDE VirtualKeys.inc
			      C ; VirtualKeys.inc
			      C .NOLIST
			      C .LIST
			      C 
			      C 
			      C .NOLIST
			      C .LIST
			      C 
 00000000			.data

 00000000 5B 5F 5F 5F 5F	D1 BYTE "[_______________________________________]" ,0
	   5F 5F 5F 5F 5F
	   5F 5F 5F 5F 5F
	   5F 5F 5F 5F 5F
	   5F 5F 5F 5F 5F
	   5F 5F 5F 5F 5F
	   5F 5F 5F 5F 5F
	   5F 5F 5F 5F 5F
	   5D 00

 0000002A 7C 20 31 2E 20	D2 BYTE "| 1. JUGO BONIG 18 PESOS                |" ,0
	   4A 55 47 4F 20
	   42 4F 4E 49 47
	   20 31 38 20 50
	   45 53 4F 53 20
	   20 20 20 20 20
	   20 20 20 20 20
	   20 20 20 20 20
	   7C 00
 00000054 7C 20 32 2E 20	D3 BYTE "| 2. REFRESCO ESCUIS DE HIERRO 30 PESOS |" ,0 
	   52 45 46 52 45
	   53 43 4F 20 45
	   53 43 55 49 53
	   20 44 45 20 48
	   49 45 52 52 4F
	   20 33 30 20 50
	   45 53 4F 53 20
	   7C 00
 0000007E 7C 20 33 2E 20	D4 BYTE "| 3. FANTA DE FRESA 20 PESOS            |" ,0
	   46 41 4E 54 41
	   20 44 45 20 46
	   52 45 53 41 20
	   32 30 20 50 45
	   53 4F 53 20 20
	   20 20 20 20 20
	   20 20 20 20 20
	   7C 00
 000000A8 7C 20 34 2E 20	D5 BYTE "| 4. JARRITO TUTIFRUTI 20 PESOS         |" ,0
	   4A 41 52 52 49
	   54 4F 20 54 55
	   54 49 46 52 55
	   54 49 20 32 30
	   20 50 45 53 4F
	   53 20 20 20 20
	   20 20 20 20 20
	   7C 00

 000000D2 41 71 75 69 20	item1 BYTE "Aqui esta tu: JUGUITO DEL BOING DE GUAYABA",0
	   65 73 74 61 20
	   74 75 3A 20 4A
	   55 47 55 49 54
	   4F 20 44 45 4C
	   20 42 4F 49 4E
	   47 20 44 45 20
	   47 55 41 59 41
	   42 41 00
 000000FD 41 71 75 69 20	item2 BYTE "Aqui esta tu: REFRESCO DE HIERRO SABOR VAINILLA",0
	   65 73 74 61 20
	   74 75 3A 20 52
	   45 46 52 45 53
	   43 4F 20 44 45
	   20 48 49 45 52
	   52 4F 20 53 41
	   42 4F 52 20 56
	   41 49 4E 49 4C
	   4C 41 00
 0000012D 41 71 75 69 20	item3 BYTE "Aqui esta tu: REFRESCO DE FRESA DE FANTA",0
	   65 73 74 61 20
	   74 75 3A 20 52
	   45 46 52 45 53
	   43 4F 20 44 45
	   20 46 52 45 53
	   41 20 44 45 20
	   46 41 4E 54 41
	   00
 00000156 41 71 75 69 20	item4 BYTE "Aqui esta tu: REFRESCO DE JARRITO CON SABOR A FRUTOS ROJOS",0
	   65 73 74 61 20
	   74 75 3A 20 52
	   45 46 52 45 53
	   43 4F 20 44 45
	   20 4A 41 52 52
	   49 54 4F 20 43
	   4F 4E 20 53 41
	   42 4F 52 20 41
	   20 46 52 55 54
	   4F 53 20 52 4F
	   4A 4F 53 00

 00000191 50 6F 72 20 66	str1 BYTE "Por favor ingrese su dinero: ",0
	   61 76 6F 72 20
	   69 6E 67 72 65
	   73 65 20 73 75
	   20 64 69 6E 65
	   72 6F 3A 20 00
 000001AF 31 30 20 50 65	str2 BYTE "10 Pesos: ",0
	   73 6F 73 3A 20
	   00
 000001BA 32 30 20 50 65	str3 BYTE "20 Pesos: ",0
	   73 6F 73 3A 20
	   00
 000001C5 35 30 20 50 65	str4 BYTE "50 Pesos: ",0
	   73 6F 73 3A 20
	   00
 000001D0 44 69 6E 65 72	str5 BYTE "Dinero total ingresado: ",0
	   6F 20 74 6F 74
	   61 6C 20 69 6E
	   67 72 65 73 61
	   64 6F 3A 20 00
 000001E9 50 6F 72 20 66	str6 BYTE "Por favor elija una bebida: ",0
	   61 76 6F 72 20
	   65 6C 69 6A 61
	   20 75 6E 61 20
	   62 65 62 69 64
	   61 3A 20 00
 00000206 45 73 74 65 20	str7 BYTE "Este es tu cambio: ",0
	   65 73 20 74 75
	   20 63 61 6D 62
	   69 6F 3A 20 00
 0000021A 47 52 41 43 49	str8 BYTE "GRACIAS! ", 0
	   41 53 21 20 00
 00000224 51 75 69 65 72	q1 BYTE "Quieres comprar otro articulo?? (SI:0 / NO: 1) : ",0
	   65 73 20 63 6F
	   6D 70 72 61 72
	   20 6F 74 72 6F
	   20 61 72 74 69
	   63 75 6C 6F 3F
	   3F 20 28 53 49
	   3A 30 20 2F 20
	   4E 4F 3A 20 31
	   29 20 3A 20 00
 00000256 A1 A1 A1 45 4C	sry BYTE "¡¡¡EL DINERO QUE INGRESO NO ES SUFICIENTE !!! INTÉNTALO DE NUEVO !",0
	   20 44 49 4E 45
	   52 4F 20 51 55
	   45 20 49 4E 47
	   52 45 53 4F 20
	   4E 4F 20 45 53
	   20 53 55 46 49
	   43 49 45 4E 54
	   45 20 21 21 21
	   20 49 4E 54 C9
	   4E 54 41 4C 4F
	   20 44 45 20 4E
	   55 45 56 4F 20
	   21 00
 00000299 20 50 65 73 6F	cent BYTE " Pesos",0
	   73 00

 000002A0 00000000		flavour DWORD 0
 000002A4 00000000		input1 DWORD 0
 000002A8 00000000		input2 DWORD 0
 000002AC 00000000		input3 DWORD 0

 000002B0 00000000		total DWORD 0
 000002B4 00000000		change DWORD 0
 000002B8 00000000		choice DWORD 0

 000002BC 0000000A		ten DWORD 10
 000002C0 00000014		twenty DWORD 20
 000002C4 00000032		fifty DWORD 50

 000002C8 00000012		cost1 DWORD 18
 000002CC 0000001E		cost2 DWORD 30
 000002D0 00000014		cost3 DWORD 20
 000002D4 00000014		cost4 DWORD 20

 00000000			.code 
 00000000			mainproj PROC 

 00000000			L1: 
 00000000  BA 00000000 R		mov edx, OFFSET D1
 00000005  E8 00000000 E		call WriteString 
 0000000A  E8 00000000 E		call crlf
 0000000F  BA 0000002A R		mov edx, OFFSET D2
 00000014  E8 00000000 E		call WriteString 
 00000019  E8 00000000 E		call crlf
 0000001E  BA 00000054 R		mov edx, OFFSET D3
 00000023  E8 00000000 E		call WriteString 
 00000028  E8 00000000 E		call crlf
 0000002D  BA 0000007E R		mov edx, OFFSET D4
 00000032  E8 00000000 E		call WriteString 
 00000037  E8 00000000 E		call crlf
 0000003C  BA 000000A8 R		mov edx, OFFSET D5
 00000041  E8 00000000 E		call WriteString 
 00000046  E8 00000000 E		call crlf
 0000004B  BA 00000000 R		mov edx, OFFSET D1
 00000050  E8 00000000 E		call WriteString 
 00000055  E8 00000000 E		call crlf
 0000005A  EB 00			jmp L2

 0000005C			L2:
 0000005C  BA 00000191 R		mov edx, OFFSET str1
 00000061  E8 00000000 E		call WriteString 
 00000066  E8 00000000 E		call crlf

 0000006B  BA 000001AF R		mov edx, OFFSET str2
 00000070  E8 00000000 E		call WriteString 
 00000075  E8 00000000 E		call ReadDec
 0000007A  A3 000002A4 R		mov input1, eax 

 0000007F  A1 000002A4 R		mov eax, input1
 00000084  F7 25 000002BC R		mul ten
 0000008A  A3 000002B0 R		mov total, eax
 0000008F  E8 00000000 E		call crlf

 00000094  BA 000001BA R		mov edx, OFFSET str3
 00000099  E8 00000000 E		call WriteString
 0000009E  E8 00000000 E		call ReadDec
 000000A3  A3 000002A8 R		mov input2, eax

 000000A8  A1 000002A8 R		mov eax,input2
 000000AD  F7 25 000002C0 R		mul twenty
 000000B3  01 05 000002B0 R		add total, eax
 000000B9  E8 00000000 E		call crlf

 000000BE  BA 000001C5 R		mov edx, OFFSET str4 
 000000C3  E8 00000000 E		call WriteString
 000000C8  E8 00000000 E		call ReadDec
 000000CD  A3 000002AC R		mov input3, eax 

 000000D2  A1 000002AC R		mov eax,input3
 000000D7  F7 25 000002C4 R		mul fifty
 000000DD  01 05 000002B0 R		add total, eax
 000000E3  E8 00000000 E		call crlf

 000000E8  BA 000001D0 R		mov edx, OFFSET str5
 000000ED  E8 00000000 E		call WriteString
 000000F2  A1 000002B0 R		mov eax, total 
 000000F7  E8 00000000 E		call WriteDec
 000000FC  BA 00000299 R		mov edx, OFFSET cent
 00000101  E8 00000000 E		call WriteString 
 00000106  E8 00000000 E		call crlf
 0000010B  EB 00			jmp FLAV

 0000010D			FLAV:
 0000010D  BA 000001E9 R		mov edx, OFFSET str6
 00000112  E8 00000000 E		call WriteString
 00000117  E8 00000000 E		call ReadDec
 0000011C  A3 000002A0 R		mov flavour, eax 

 00000121  83 3D 000002A0 R		cmp flavour,1
	   01
 00000128  74 25			jz F1
 0000012A  83 3D 000002A0 R		cmp flavour,2
	   02
 00000131  74 72			jz F2
 00000133  83 3D 000002A0 R		cmp flavour,3
	   03
 0000013A  0F 84 000000BB		jz F3
 00000140  83 3D 000002A0 R		cmp flavour,4
	   04
 00000147  0F 84 00000101		jz F4

 0000014D  EB BE			jmp FLAV

 0000014F			F1:
 0000014F  83 3D 000002B0 R		cmp total, 18
	   12
 00000156  7D 06			jge Cal1
 00000158  0F 8C 00000172		jl SR

 0000015E			Cal1:
 0000015E  BA 000000D2 R		mov edx, OFFSET item1
 00000163  E8 00000000 E		call WriteString
 00000168  E8 00000000 E		call crlf
 0000016D  A1 000002B0 R		mov eax, total
 00000172  2B 05 000002C8 R		sub eax, cost1 
 00000178  A3 000002B4 R		mov change, eax

 0000017D  BA 00000206 R		mov edx, OFFSET str7
 00000182  E8 00000000 E		call WriteString 
 00000187  A1 000002B4 R		mov eax, change
 0000018C  E8 00000000 E		call WriteDec
 00000191  BA 00000299 R		mov edx, OFFSET cent
 00000196  E8 00000000 E		call WriteString 
 0000019B  E8 00000000 E		call crlf
 000001A0  E9 000000F8			jmp ASK

 000001A5			F2:
 000001A5  83 3D 000002B0 R		cmp total, 30
	   1E
 000001AC  7D 06			jge Cal2
 000001AE  0F 8C 0000011C		jl SR

 000001B4			Cal2:
 000001B4  BA 000000FD R		mov edx, OFFSET item2
 000001B9  E8 00000000 E		call WriteString
 000001BE  E8 00000000 E		call crlf
 000001C3  A1 000002B0 R		mov eax, total
 000001C8  2B 05 000002CC R		sub eax, cost2 
 000001CE  A3 000002B4 R		mov change, eax

 000001D3  BA 00000206 R		mov edx, OFFSET str7
 000001D8  E8 00000000 E		call WriteString 
 000001DD  A1 000002B4 R		mov eax, change
 000001E2  E8 00000000 E		call WriteDec
 000001E7  BA 00000299 R		mov edx, OFFSET cent
 000001EC  E8 00000000 E		call WriteString 
 000001F1  E8 00000000 E		call crlf
 000001F6  E9 000000A2			jmp ASK

 000001FB			F3:
 000001FB  83 3D 000002B0 R		cmp total, 20
	   14
 00000202  7D 06			jge Cal3
 00000204  0F 8C 000000C6		jl SR

 0000020A			Cal3:
 0000020A  BA 0000012D R		mov edx, OFFSET item3 
 0000020F  E8 00000000 E		call WriteString
 00000214  E8 00000000 E		call crlf
 00000219  A1 000002B0 R		mov eax, total
 0000021E  2B 05 000002D0 R		sub eax, cost3 
 00000224  A3 000002B4 R		mov change, eax

 00000229  BA 00000206 R		mov edx, OFFSET str7
 0000022E  E8 00000000 E		call WriteString 
 00000233  A1 000002B4 R		mov eax, change
 00000238  E8 00000000 E		call WriteDec
 0000023D  BA 00000299 R		mov edx, OFFSET cent
 00000242  E8 00000000 E		call WriteString 
 00000247  E8 00000000 E		call crlf

 0000024C  EB 4F			jmp ASK

 0000024E			F4:
 0000024E  83 3D 000002B0 R		cmp total, 20
	   14
 00000255  7D 02			jge Cal4
 00000257  7C 77			jl SR

 00000259			Cal4:
 00000259  BA 00000156 R		mov edx, OFFSET item4
 0000025E  E8 00000000 E		call WriteString
 00000263  E8 00000000 E		call crlf
 00000268  A1 000002B0 R		mov eax, total
 0000026D  2B 05 000002D4 R		sub eax, cost4
 00000273  A3 000002B4 R		mov change, eax

 00000278  BA 00000206 R		mov edx, OFFSET str7
 0000027D  E8 00000000 E		call WriteString 
 00000282  A1 000002B4 R		mov eax, change
 00000287  E8 00000000 E		call WriteDec
 0000028C  BA 00000299 R		mov edx, OFFSET cent
 00000291  E8 00000000 E		call WriteString 
 00000296  E8 00000000 E		call crlf

 0000029B  EB 00			jmp ASK

 0000029D			ASK: 
 0000029D  E8 00000000 E		call crlf
 000002A2  BA 00000224 R		mov edx, OFFSET q1 
 000002A7  E8 00000000 E		call WriteString
 000002AC  E8 00000000 E		call ReadDec
 000002B1  A3 000002B8 R		mov choice, eax

 000002B6  E8 00000000 E		call crlf
 000002BB  E8 00000000 E		call crlf

 000002C0  83 3D 000002B8 R		cmp choice,0
	   00
 000002C7  74 02			jz Continue
 000002C9  EB 1E			jmp Stop

 000002CB			Continue:
 000002CB  E9 FFFFFD30			jmp L1

 000002D0			SR:
 000002D0  BA 00000256 R		mov edx, OFFSET sry 
 000002D5  E8 00000000 E		call WriteString 
 000002DA  E8 00000000 E		call crlf
 000002DF  E8 00000000 E		call crlf
 000002E4  E9 FFFFFD73			JMP L2

 000002E9			Stop:
 000002E9  BA 0000021A R		mov edx, OFFSET str8 
 000002EE  E8 00000000 E		call WriteString 
 000002F3  E8 00000000 E		call crlf

				exit
 000002FF			mainproj ENDP
				END mainproj
Microsoft (R) Macro Assembler Version 14.29.30133.0	    10/07/21 13:45:04
MASM Maquina de Refresco				     Symbols 2 - 1




Structures and Unions:

                N a m e                  Size
                                         Offset      Type

CONSOLE_CURSOR_INFO  . . . . . .	 00000008
  dwSize . . . . . . . . . . . .	 00000000	 DWord
  bVisible . . . . . . . . . . .	 00000004	 DWord
CONSOLE_SCREEN_BUFFER_INFO . . .	 00000016
  dwSize . . . . . . . . . . . .	 00000000	 DWord
  dwCursorPosition . . . . . . .	 00000004	 DWord
  wAttributes  . . . . . . . . .	 00000008	 Word
  srWindow . . . . . . . . . . .	 0000000A	 QWord
  dwMaximumWindowSize  . . . . .	 00000012	 DWord
COORD  . . . . . . . . . . . . .	 00000004
  X  . . . . . . . . . . . . . .	 00000000	 Word
  Y  . . . . . . . . . . . . . .	 00000002	 Word
FILETIME . . . . . . . . . . . .	 00000008
  loDateTime . . . . . . . . . .	 00000000	 DWord
  hiDateTime . . . . . . . . . .	 00000004	 DWord
FOCUS_EVENT_RECORD . . . . . . .	 00000004
  bSetFocus  . . . . . . . . . .	 00000000	 DWord
FPU_ENVIRON  . . . . . . . . . .	 0000001C
  controlWord  . . . . . . . . .	 00000000	 Word
  statusWord . . . . . . . . . .	 00000004	 Word
  tagWord  . . . . . . . . . . .	 00000008	 Word
  instrPointerOffset . . . . . .	 0000000C	 DWord
  instrPointerSelector . . . . .	 00000010	 DWord
  operandPointerOffset . . . . .	 00000014	 DWord
  operandPointerSelector . . . .	 00000018	 Word
INPUT_RECORD . . . . . . . . . .	 00000014
  EventType  . . . . . . . . . .	 00000000	 Word
  Event  . . . . . . . . . . . .	 00000004	 XmmWord
  bKeyDown . . . . . . . . . . .	 00000000	 DWord
  wRepeatCount . . . . . . . . .	 00000004	 Word
  wVirtualKeyCode  . . . . . . .	 00000006	 Word
  wVirtualScanCode . . . . . . .	 00000008	 Word
  uChar  . . . . . . . . . . . .	 0000000A	 Word
  UnicodeChar  . . . . . . . . .	 00000000	 Word
  AsciiChar  . . . . . . . . . .	 00000000	 Byte
  dwControlKeyState  . . . . . .	 0000000C	 DWord
  dwMousePosition  . . . . . . .	 00000000	 DWord
  dwButtonState  . . . . . . . .	 00000004	 DWord
  dwMouseControlKeyState . . . .	 00000008	 DWord
  dwEventFlags . . . . . . . . .	 0000000C	 DWord
  dwSize . . . . . . . . . . . .	 00000000	 DWord
  dwCommandId  . . . . . . . . .	 00000000	 DWord
  bSetFocus  . . . . . . . . . .	 00000000	 DWord
KEY_EVENT_RECORD . . . . . . . .	 00000010
  bKeyDown . . . . . . . . . . .	 00000000	 DWord
  wRepeatCount . . . . . . . . .	 00000004	 Word
  wVirtualKeyCode  . . . . . . .	 00000006	 Word
  wVirtualScanCode . . . . . . .	 00000008	 Word
  uChar  . . . . . . . . . . . .	 0000000A	 Word
  UnicodeChar  . . . . . . . . .	 00000000	 Word
  AsciiChar  . . . . . . . . . .	 00000000	 Byte
  dwControlKeyState  . . . . . .	 0000000C	 DWord
MENU_EVENT_RECORD  . . . . . . .	 00000004
  dwCommandId  . . . . . . . . .	 00000000	 DWord
MOUSE_EVENT_RECORD . . . . . . .	 00000010
  dwMousePosition  . . . . . . .	 00000000	 DWord
  dwButtonState  . . . . . . . .	 00000004	 DWord
  dwMouseControlKeyState . . . .	 00000008	 DWord
  dwEventFlags . . . . . . . . .	 0000000C	 DWord
SMALL_RECT . . . . . . . . . . .	 00000008
  Left . . . . . . . . . . . . .	 00000000	 Word
  Top  . . . . . . . . . . . . .	 00000002	 Word
  Right  . . . . . . . . . . . .	 00000004	 Word
  Bottom . . . . . . . . . . . .	 00000006	 Word
SYSTEMTIME . . . . . . . . . . .	 00000010
  wYear  . . . . . . . . . . . .	 00000000	 Word
  wMonth . . . . . . . . . . . .	 00000002	 Word
  wDayOfWeek . . . . . . . . . .	 00000004	 Word
  wDay . . . . . . . . . . . . .	 00000006	 Word
  wHour  . . . . . . . . . . . .	 00000008	 Word
  wMinute  . . . . . . . . . . .	 0000000A	 Word
  wSecond  . . . . . . . . . . .	 0000000C	 Word
  wMilliseconds  . . . . . . . .	 0000000E	 Word
WINDOW_BUFFER_SIZE_RECORD  . . .	 00000004
  dwSize . . . . . . . . . . . .	 00000000	 DWord


Segments and Groups:

                N a m e                 Size     Length   Align   Combine Class

FLAT . . . . . . . . . . . . . .	GROUP
STACK  . . . . . . . . . . . . .	32 Bit	 00001000 Para	  Stack	  'STACK'	 
_DATA  . . . . . . . . . . . . .	32 Bit	 000002D8 Para	  Public  'DATA'	
_TEXT  . . . . . . . . . . . . .	32 Bit	 000002FF Para	  Public  'CODE'	


Procedures, parameters, and locals:

                N a m e                 Type     Value    Attr

CloseFile  . . . . . . . . . . .	P Near	 00000000 FLAT	Length= 00000000 External STDCALL
CloseHandle  . . . . . . . . . .	P Near	 00000000 FLAT	Length= 00000000 External STDCALL
Clrscr . . . . . . . . . . . . .	P Near	 00000000 FLAT	Length= 00000000 External STDCALL
CreateFileA  . . . . . . . . . .	P Near	 00000000 FLAT	Length= 00000000 External STDCALL
CreateOutputFile . . . . . . . .	P Near	 00000000 FLAT	Length= 00000000 External STDCALL
Crlf . . . . . . . . . . . . . .	P Near	 00000000 FLAT	Length= 00000000 External STDCALL
Delay  . . . . . . . . . . . . .	P Near	 00000000 FLAT	Length= 00000000 External STDCALL
DumpMem  . . . . . . . . . . . .	P Near	 00000000 FLAT	Length= 00000000 External STDCALL
DumpRegs . . . . . . . . . . . .	P Near	 00000000 FLAT	Length= 00000000 External STDCALL
ExitProcess  . . . . . . . . . .	P Near	 00000000 FLAT	Length= 00000000 External STDCALL
FileTimeToDosDateTime  . . . . .	P Near	 00000000 FLAT	Length= 00000000 External STDCALL
FileTimeToSystemTime . . . . . .	P Near	 00000000 FLAT	Length= 00000000 External STDCALL
FlushConsoleInputBuffer  . . . .	P Near	 00000000 FLAT	Length= 00000000 External STDCALL
FormatMessageA . . . . . . . . .	P Near	 00000000 FLAT	Length= 00000000 External STDCALL
GetCommandLineA  . . . . . . . .	P Near	 00000000 FLAT	Length= 00000000 External STDCALL
GetCommandTail . . . . . . . . .	P Near	 00000000 FLAT	Length= 00000000 External STDCALL
GetConsoleCP . . . . . . . . . .	P Near	 00000000 FLAT	Length= 00000000 External STDCALL
GetConsoleCursorInfo . . . . . .	P Near	 00000000 FLAT	Length= 00000000 External STDCALL
GetConsoleMode . . . . . . . . .	P Near	 00000000 FLAT	Length= 00000000 External STDCALL
GetConsoleScreenBufferInfo . . .	P Near	 00000000 FLAT	Length= 00000000 External STDCALL
GetDateTime  . . . . . . . . . .	P Near	 00000000 FLAT	Length= 00000000 External STDCALL
GetFileTime  . . . . . . . . . .	P Near	 00000000 FLAT	Length= 00000000 External STDCALL
GetKeyState  . . . . . . . . . .	P Near	 00000000 FLAT	Length= 00000000 External STDCALL
GetLastError . . . . . . . . . .	P Near	 00000000 FLAT	Length= 00000000 External STDCALL
GetLocalTime . . . . . . . . . .	P Near	 00000000 FLAT	Length= 00000000 External STDCALL
GetMaxXY . . . . . . . . . . . .	P Near	 00000000 FLAT	Length= 00000000 External STDCALL
GetMseconds  . . . . . . . . . .	P Near	 00000000 FLAT	Length= 00000000 External STDCALL
GetNumberOfConsoleInputEvents  .	P Near	 00000000 FLAT	Length= 00000000 External STDCALL
GetProcessHeap . . . . . . . . .	P Near	 00000000 FLAT	Length= 00000000 External STDCALL
GetStdHandle . . . . . . . . . .	P Near	 00000000 FLAT	Length= 00000000 External STDCALL
GetSystemTime  . . . . . . . . .	P Near	 00000000 FLAT	Length= 00000000 External STDCALL
GetTextColor . . . . . . . . . .	P Near	 00000000 FLAT	Length= 00000000 External STDCALL
GetTickCount . . . . . . . . . .	P Near	 00000000 FLAT	Length= 00000000 External STDCALL
Gotoxy . . . . . . . . . . . . .	P Near	 00000000 FLAT	Length= 00000000 External STDCALL
HeapAlloc  . . . . . . . . . . .	P Near	 00000000 FLAT	Length= 00000000 External STDCALL
HeapCreate . . . . . . . . . . .	P Near	 00000000 FLAT	Length= 00000000 External STDCALL
HeapDestroy  . . . . . . . . . .	P Near	 00000000 FLAT	Length= 00000000 External STDCALL
HeapFree . . . . . . . . . . . .	P Near	 00000000 FLAT	Length= 00000000 External STDCALL
HeapSize . . . . . . . . . . . .	P Near	 00000000 FLAT	Length= 00000000 External STDCALL
IsDigit  . . . . . . . . . . . .	P Near	 00000000 FLAT	Length= 00000000 External STDCALL
LocalFree  . . . . . . . . . . .	P Near	 00000000 FLAT	Length= 00000000 External STDCALL
MessageBoxA  . . . . . . . . . .	P Near	 00000000 FLAT	Length= 00000000 External STDCALL
MsgBoxAsk  . . . . . . . . . . .	P Near	 00000000 FLAT	Length= 00000000 External STDCALL
MsgBox . . . . . . . . . . . . .	P Near	 00000000 FLAT	Length= 00000000 External STDCALL
OpenInputFile  . . . . . . . . .	P Near	 00000000 FLAT	Length= 00000000 External STDCALL
ParseDecimal32 . . . . . . . . .	P Near	 00000000 FLAT	Length= 00000000 External STDCALL
ParseInteger32 . . . . . . . . .	P Near	 00000000 FLAT	Length= 00000000 External STDCALL
PeekConsoleInputA  . . . . . . .	P Near	 00000000 FLAT	Length= 00000000 External STDCALL
Random32 . . . . . . . . . . . .	P Near	 00000000 FLAT	Length= 00000000 External STDCALL
RandomRange  . . . . . . . . . .	P Near	 00000000 FLAT	Length= 00000000 External STDCALL
Randomize  . . . . . . . . . . .	P Near	 00000000 FLAT	Length= 00000000 External STDCALL
ReadChar . . . . . . . . . . . .	P Near	 00000000 FLAT	Length= 00000000 External STDCALL
ReadConsoleA . . . . . . . . . .	P Near	 00000000 FLAT	Length= 00000000 External STDCALL
ReadConsoleInputA  . . . . . . .	P Near	 00000000 FLAT	Length= 00000000 External STDCALL
ReadDec  . . . . . . . . . . . .	P Near	 00000000 FLAT	Length= 00000000 External STDCALL
ReadFile . . . . . . . . . . . .	P Near	 00000000 FLAT	Length= 00000000 External STDCALL
ReadFloat  . . . . . . . . . . .	P Near	 00000000 FLAT	Length= 00000000 External STDCALL
ReadFromFile . . . . . . . . . .	P Near	 00000000 FLAT	Length= 00000000 External STDCALL
ReadHex  . . . . . . . . . . . .	P Near	 00000000 FLAT	Length= 00000000 External STDCALL
ReadInt  . . . . . . . . . . . .	P Near	 00000000 FLAT	Length= 00000000 External STDCALL
ReadKeyFlush . . . . . . . . . .	P Near	 00000000 FLAT	Length= 00000000 External STDCALL
ReadKey  . . . . . . . . . . . .	P Near	 00000000 FLAT	Length= 00000000 External STDCALL
ReadString . . . . . . . . . . .	P Near	 00000000 FLAT	Length= 00000000 External STDCALL
SetConsoleCursorInfo . . . . . .	P Near	 00000000 FLAT	Length= 00000000 External STDCALL
SetConsoleCursorPosition . . . .	P Near	 00000000 FLAT	Length= 00000000 External STDCALL
SetConsoleMode . . . . . . . . .	P Near	 00000000 FLAT	Length= 00000000 External STDCALL
SetConsoleScreenBufferSize . . .	P Near	 00000000 FLAT	Length= 00000000 External STDCALL
SetConsoleTextAttribute  . . . .	P Near	 00000000 FLAT	Length= 00000000 External STDCALL
SetConsoleTitleA . . . . . . . .	P Near	 00000000 FLAT	Length= 00000000 External STDCALL
SetConsoleWindowInfo . . . . . .	P Near	 00000000 FLAT	Length= 00000000 External STDCALL
SetFilePointer . . . . . . . . .	P Near	 00000000 FLAT	Length= 00000000 External STDCALL
SetLocalTime . . . . . . . . . .	P Near	 00000000 FLAT	Length= 00000000 External STDCALL
SetTextColor . . . . . . . . . .	P Near	 00000000 FLAT	Length= 00000000 External STDCALL
ShowFPUStack . . . . . . . . . .	P Near	 00000000 FLAT	Length= 00000000 External STDCALL
Sleep  . . . . . . . . . . . . .	P Near	 00000000 FLAT	Length= 00000000 External STDCALL
StrLength  . . . . . . . . . . .	P Near	 00000000 FLAT	Length= 00000000 External STDCALL
Str_compare  . . . . . . . . . .	P Near	 00000000 FLAT	Length= 00000000 External STDCALL
Str_copy . . . . . . . . . . . .	P Near	 00000000 FLAT	Length= 00000000 External STDCALL
Str_length . . . . . . . . . . .	P Near	 00000000 FLAT	Length= 00000000 External STDCALL
Str_trim . . . . . . . . . . . .	P Near	 00000000 FLAT	Length= 00000000 External STDCALL
Str_ucase  . . . . . . . . . . .	P Near	 00000000 FLAT	Length= 00000000 External STDCALL
SystemTimeToFileTime . . . . . .	P Near	 00000000 FLAT	Length= 00000000 External STDCALL
WaitMsg  . . . . . . . . . . . .	P Near	 00000000 FLAT	Length= 00000000 External STDCALL
WriteBinB  . . . . . . . . . . .	P Near	 00000000 FLAT	Length= 00000000 External STDCALL
WriteBin . . . . . . . . . . . .	P Near	 00000000 FLAT	Length= 00000000 External STDCALL
WriteChar  . . . . . . . . . . .	P Near	 00000000 FLAT	Length= 00000000 External STDCALL
WriteConsoleA  . . . . . . . . .	P Near	 00000000 FLAT	Length= 00000000 External STDCALL
WriteConsoleOutputAttribute  . .	P Near	 00000000 FLAT	Length= 00000000 External STDCALL
WriteConsoleOutputCharacterA . .	P Near	 00000000 FLAT	Length= 00000000 External STDCALL
WriteDec . . . . . . . . . . . .	P Near	 00000000 FLAT	Length= 00000000 External STDCALL
WriteFile  . . . . . . . . . . .	P Near	 00000000 FLAT	Length= 00000000 External STDCALL
WriteFloat . . . . . . . . . . .	P Near	 00000000 FLAT	Length= 00000000 External STDCALL
WriteHexB  . . . . . . . . . . .	P Near	 00000000 FLAT	Length= 00000000 External STDCALL
WriteHex . . . . . . . . . . . .	P Near	 00000000 FLAT	Length= 00000000 External STDCALL
WriteInt . . . . . . . . . . . .	P Near	 00000000 FLAT	Length= 00000000 External STDCALL
WriteStackFrameName  . . . . . .	P Near	 00000000 FLAT	Length= 00000000 External STDCALL
WriteStackFrame  . . . . . . . .	P Near	 00000000 FLAT	Length= 00000000 External STDCALL
WriteString  . . . . . . . . . .	P Near	 00000000 FLAT	Length= 00000000 External STDCALL
WriteToFile  . . . . . . . . . .	P Near	 00000000 FLAT	Length= 00000000 External STDCALL
WriteWindowsMsg  . . . . . . . .	P Near	 00000000 FLAT	Length= 00000000 External STDCALL
mainproj . . . . . . . . . . . .	P Near	 00000000 _TEXT	Length= 000002FF Public STDCALL
  L1 . . . . . . . . . . . . . .	L Near	 00000000 _TEXT	
  L2 . . . . . . . . . . . . . .	L Near	 0000005C _TEXT	
  FLAV . . . . . . . . . . . . .	L Near	 0000010D _TEXT	
  F1 . . . . . . . . . . . . . .	L Near	 0000014F _TEXT	
  Cal1 . . . . . . . . . . . . .	L Near	 0000015E _TEXT	
  F2 . . . . . . . . . . . . . .	L Near	 000001A5 _TEXT	
  Cal2 . . . . . . . . . . . . .	L Near	 000001B4 _TEXT	
  F3 . . . . . . . . . . . . . .	L Near	 000001FB _TEXT	
  Cal3 . . . . . . . . . . . . .	L Near	 0000020A _TEXT	
  F4 . . . . . . . . . . . . . .	L Near	 0000024E _TEXT	
  Cal4 . . . . . . . . . . . . .	L Near	 00000259 _TEXT	
  ASK  . . . . . . . . . . . . .	L Near	 0000029D _TEXT	
  Continue . . . . . . . . . . .	L Near	 000002CB _TEXT	
  SR . . . . . . . . . . . . . .	L Near	 000002D0 _TEXT	
  Stop . . . . . . . . . . . . .	L Near	 000002E9 _TEXT	
printf . . . . . . . . . . . . .	P Near	 00000000 FLAT	Length= 00000000 External C
scanf  . . . . . . . . . . . . .	P Near	 00000000 FLAT	Length= 00000000 External C
wsprintfA  . . . . . . . . . . .	P Near	 00000000 FLAT	Length= 00000000 External C


Symbols:

                N a m e                 Type     Value    Attr

@CodeSize  . . . . . . . . . . .	Number	 00000000h   
@DataSize  . . . . . . . . . . .	Number	 00000000h   
@Interface . . . . . . . . . . .	Number	 00000003h   
@Model . . . . . . . . . . . . .	Number	 00000007h   
@code  . . . . . . . . . . . . .	Text   	 _TEXT
@data  . . . . . . . . . . . . .	Text   	 FLAT
@fardata?  . . . . . . . . . . .	Text   	 FLAT
@fardata . . . . . . . . . . . .	Text   	 FLAT
@stack . . . . . . . . . . . . .	Text   	 FLAT
ALT_MASK . . . . . . . . . . . .	Number	 00000003h   
CAPSLOCK_ON  . . . . . . . . . .	Number	 00000080h   
CREATE_ALWAYS  . . . . . . . . .	Number	 00000002h   
CREATE_NEW . . . . . . . . . . .	Number	 00000001h   
CTRL_MASK  . . . . . . . . . . .	Number	 0000000Ch   
CreateFile . . . . . . . . . . .	Text   	 CreateFileA
D1 . . . . . . . . . . . . . . .	Byte	 00000000 _DATA	
D2 . . . . . . . . . . . . . . .	Byte	 0000002A _DATA	
D3 . . . . . . . . . . . . . . .	Byte	 00000054 _DATA	
D4 . . . . . . . . . . . . . . .	Byte	 0000007E _DATA	
D5 . . . . . . . . . . . . . . .	Byte	 000000A8 _DATA	
DO_NOT_SHARE . . . . . . . . . .	Number	 00000000h   
ENABLE_ECHO_INPUT  . . . . . . .	Number	 00000004h   
ENABLE_LINE_INPUT  . . . . . . .	Number	 00000002h   
ENABLE_MOUSE_INPUT . . . . . . .	Number	 00000010h   
ENABLE_PROCESSED_INPUT . . . . .	Number	 00000001h   
ENABLE_PROCESSED_OUTPUT  . . . .	Number	 00000001h   
ENABLE_WINDOW_INPUT  . . . . . .	Number	 00000008h   
ENABLE_WRAP_AT_EOL_OUTPUT  . . .	Number	 00000002h   
ENHANCED_KEY . . . . . . . . . .	Number	 00000100h   
FALSE  . . . . . . . . . . . . .	Number	 00000000h   
FILE_APPEND_DATA . . . . . . . .	Number	 00000004h   
FILE_ATTRIBUTE_ARCHIVE . . . . .	Number	 00000020h   
FILE_ATTRIBUTE_COMPRESSED  . . .	Number	 00000800h   
FILE_ATTRIBUTE_DEVICE  . . . . .	Number	 00000040h   
FILE_ATTRIBUTE_DIRECTORY . . . .	Number	 00000010h   
FILE_ATTRIBUTE_ENCRYPTED . . . .	Number	 00004000h   
FILE_ATTRIBUTE_HIDDEN  . . . . .	Number	 00000002h   
FILE_ATTRIBUTE_NORMAL  . . . . .	Number	 00000080h   
FILE_ATTRIBUTE_NOT_CONTENT_INDEXED .	Number	 00002000h   
FILE_ATTRIBUTE_OFFLINE . . . . .	Number	 00001000h   
FILE_ATTRIBUTE_READONLY  . . . .	Number	 00000001h   
FILE_ATTRIBUTE_REPARSE_POINT . .	Number	 00000400h   
FILE_ATTRIBUTE_SPARSE_FILE . . .	Number	 00000200h   
FILE_ATTRIBUTE_SYSTEM  . . . . .	Number	 00000004h   
FILE_ATTRIBUTE_TEMPORARY . . . .	Number	 00000100h   
FILE_BEGIN . . . . . . . . . . .	Number	 00000000h   
FILE_CURRENT . . . . . . . . . .	Number	 00000001h   
FILE_DELETE_CHILD  . . . . . . .	Number	 00000040h   
FILE_END . . . . . . . . . . . .	Number	 00000002h   
FILE_READ_DATA . . . . . . . . .	Number	 00000001h   
FILE_SHARE_DELETE  . . . . . . .	Number	 00000004h   
FILE_SHARE_READ  . . . . . . . .	Number	 00000001h   
FILE_SHARE_WRITE . . . . . . . .	Number	 00000002h   
FILE_WRITE_DATA  . . . . . . . .	Number	 00000002h   
FOCUS_EVENT  . . . . . . . . . .	Number	 00000010h   
FORMAT_MESSAGE_ALLOCATE_BUFFER .	Number	 00000100h   
FORMAT_MESSAGE_FROM_SYSTEM . . .	Number	 00001000h   
FormatMessage  . . . . . . . . .	Text   	 FormatMessageA
GENERIC_ALL  . . . . . . . . . .	Number	 10000000h   
GENERIC_EXECUTE  . . . . . . . .	Number	 20000000h   
GENERIC_READ . . . . . . . . . .	Number	 -80000000h   
GENERIC_WRITE  . . . . . . . . .	Number	 40000000h   
GetCommandLine . . . . . . . . .	Text   	 GetCommandLineA
HANDLE . . . . . . . . . . . . .	Text   	 DWORD
HEAP_GENERATE_EXCEPTIONS . . . .	Number	 00000004h   
HEAP_GROWABLE  . . . . . . . . .	Number	 00000002h   
HEAP_NO_SERIALIZE  . . . . . . .	Number	 00000001h   
HEAP_REALLOC_IN_PLACE_ONLY . . .	Number	 00000010h   
HEAP_ZERO_MEMORY . . . . . . . .	Number	 00000008h   
IDABORT  . . . . . . . . . . . .	Number	 00000003h   
IDCANCEL . . . . . . . . . . . .	Number	 00000002h   
IDCLOSE  . . . . . . . . . . . .	Number	 00000008h   
IDCONTINUE . . . . . . . . . . .	Number	 0000000Bh   
IDHELP . . . . . . . . . . . . .	Number	 00000009h   
IDIGNORE . . . . . . . . . . . .	Number	 00000005h   
IDNO . . . . . . . . . . . . . .	Number	 00000007h   
IDOK . . . . . . . . . . . . . .	Number	 00000001h   
IDRETRY  . . . . . . . . . . . .	Number	 00000004h   
IDTIMEOUT  . . . . . . . . . . .	Number	 00007D00h   
IDTRYAGAIN . . . . . . . . . . .	Number	 0000000Ah   
IDYES  . . . . . . . . . . . . .	Number	 00000006h   
INVALID_HANDLE_VALUE . . . . . .	Number	 -00000001h   
KBDOWN_FLAG  . . . . . . . . . .	Number	 00000001h   
KEY_EVENT  . . . . . . . . . . .	Number	 00000001h   
KEY_MASKS  . . . . . . . . . . .	Number	 0000001Fh   
LEFT_ALT_PRESSED . . . . . . . .	Number	 00000002h   
LEFT_CTRL_PRESSED  . . . . . . .	Number	 00000008h   
MB_ABORTRETRYIGNORE  . . . . . .	Number	 00000002h   
MB_APPLMODAL . . . . . . . . . .	Number	 00000000h   
MB_CANCELTRYCONTINUE . . . . . .	Number	 00000006h   
MB_DEFBUTTON1  . . . . . . . . .	Number	 00000000h   
MB_DEFBUTTON2  . . . . . . . . .	Number	 00000100h   
MB_DEFBUTTON3  . . . . . . . . .	Number	 00000200h   
MB_DEFBUTTON4  . . . . . . . . .	Number	 00000300h   
MB_HELP  . . . . . . . . . . . .	Number	 00004000h   
MB_ICONASTERISK  . . . . . . . .	Number	 00000040h   
MB_ICONERROR . . . . . . . . . .	Number	 00000010h   
MB_ICONEXCLAMATION . . . . . . .	Number	 00000030h   
MB_ICONHAND  . . . . . . . . . .	Number	 00000010h   
MB_ICONINFORMATION . . . . . . .	Number	 00000040h   
MB_ICONQUESTION  . . . . . . . .	Number	 00000020h   
MB_ICONSTOP  . . . . . . . . . .	Number	 00000010h   
MB_ICONWARNING . . . . . . . . .	Number	 00000030h   
MB_OKCANCEL  . . . . . . . . . .	Number	 00000001h   
MB_OK  . . . . . . . . . . . . .	Number	 00000000h   
MB_RETRYCANCEL . . . . . . . . .	Number	 00000005h   
MB_SYSTEMMODAL . . . . . . . . .	Number	 00001000h   
MB_TASKMODAL . . . . . . . . . .	Number	 00002000h   
MB_USERICON  . . . . . . . . . .	Number	 00000080h   
MB_YESNOCANCEL . . . . . . . . .	Number	 00000003h   
MB_YESNO . . . . . . . . . . . .	Number	 00000004h   
MENU_EVENT . . . . . . . . . . .	Number	 00000008h   
MOUSE_EVENT  . . . . . . . . . .	Number	 00000002h   
MessageBox . . . . . . . . . . .	Text   	 MessageBoxA
NULL . . . . . . . . . . . . . .	Number	 00000000h   
NUMLOCK_ON . . . . . . . . . . .	Number	 00000020h   
OPEN_ALWAYS  . . . . . . . . . .	Number	 00000004h   
OPEN_EXISTING  . . . . . . . . .	Number	 00000003h   
PeekConsoleInput . . . . . . . .	Text   	 PeekConsoleInputA
RIGHT_ALT_PRESSED  . . . . . . .	Number	 00000001h   
RIGHT_CTRL_PRESSED . . . . . . .	Number	 00000004h   
ReadConsoleInput . . . . . . . .	Text   	 ReadConsoleInputA
ReadConsole  . . . . . . . . . .	Text   	 ReadConsoleA
SCROLLLOCK_ON  . . . . . . . . .	Number	 00000040h   
SHIFT_MASK . . . . . . . . . . .	Number	 00000010h   
SHIFT_PRESSED  . . . . . . . . .	Number	 00000010h   
STD_ERROR_HANDLE . . . . . . . .	Number	 -0000000Ch   
STD_INPUT_HANDLE . . . . . . . .	Number	 -0000000Ah   
STD_OUTPUT_HANDLE  . . . . . . .	Number	 -0000000Bh   
SetConsoleTitle  . . . . . . . .	Text   	 SetConsoleTitleA
TAB  . . . . . . . . . . . . . .	Number	 00000009h   
TRUE . . . . . . . . . . . . . .	Number	 00000001h   
TRUNCATE_EXISTING  . . . . . . .	Number	 00000005h   
VK_11  . . . . . . . . . . . . .	Number	 000000BDh   
VK_12  . . . . . . . . . . . . .	Number	 000000BBh   
VK_ADD . . . . . . . . . . . . .	Number	 0000006Bh   
VK_BACK  . . . . . . . . . . . .	Number	 00000008h   
VK_CANCEL  . . . . . . . . . . .	Number	 00000003h   
VK_CAPITAL . . . . . . . . . . .	Number	 00000014h   
VK_CLEAR . . . . . . . . . . . .	Number	 0000000Ch   
VK_CONTROL . . . . . . . . . . .	Number	 00000011h   
VK_DECIMAL . . . . . . . . . . .	Number	 0000006Eh   
VK_DELETE  . . . . . . . . . . .	Number	 0000002Eh   
VK_DIVIDE  . . . . . . . . . . .	Number	 0000006Fh   
VK_DOWN  . . . . . . . . . . . .	Number	 00000028h   
VK_END . . . . . . . . . . . . .	Number	 00000023h   
VK_ESCAPE  . . . . . . . . . . .	Number	 0000001Bh   
VK_EXECUTE . . . . . . . . . . .	Number	 0000002Bh   
VK_F10 . . . . . . . . . . . . .	Number	 00000079h   
VK_F11 . . . . . . . . . . . . .	Number	 0000007Ah   
VK_F12 . . . . . . . . . . . . .	Number	 0000007Bh   
VK_F13 . . . . . . . . . . . . .	Number	 0000007Ch   
VK_F14 . . . . . . . . . . . . .	Number	 0000007Dh   
VK_F15 . . . . . . . . . . . . .	Number	 0000007Eh   
VK_F16 . . . . . . . . . . . . .	Number	 0000007Fh   
VK_F17 . . . . . . . . . . . . .	Number	 00000080h   
VK_F18 . . . . . . . . . . . . .	Number	 00000081h   
VK_F19 . . . . . . . . . . . . .	Number	 00000082h   
VK_F1  . . . . . . . . . . . . .	Number	 00000070h   
VK_F20 . . . . . . . . . . . . .	Number	 00000083h   
VK_F21 . . . . . . . . . . . . .	Number	 00000084h   
VK_F22 . . . . . . . . . . . . .	Number	 00000085h   
VK_F23 . . . . . . . . . . . . .	Number	 00000086h   
VK_F24 . . . . . . . . . . . . .	Number	 00000087h   
VK_F2  . . . . . . . . . . . . .	Number	 00000071h   
VK_F3  . . . . . . . . . . . . .	Number	 00000072h   
VK_F4  . . . . . . . . . . . . .	Number	 00000073h   
VK_F5  . . . . . . . . . . . . .	Number	 00000074h   
VK_F6  . . . . . . . . . . . . .	Number	 00000075h   
VK_F7  . . . . . . . . . . . . .	Number	 00000076h   
VK_F8  . . . . . . . . . . . . .	Number	 00000077h   
VK_F9  . . . . . . . . . . . . .	Number	 00000078h   
VK_HELP  . . . . . . . . . . . .	Number	 0000002Fh   
VK_HOME  . . . . . . . . . . . .	Number	 00000024h   
VK_INSERT  . . . . . . . . . . .	Number	 0000002Dh   
VK_LBUTTON . . . . . . . . . . .	Number	 00000001h   
VK_LCONTROL  . . . . . . . . . .	Number	 000000A2h   
VK_LEFT  . . . . . . . . . . . .	Number	 00000025h   
VK_LMENU . . . . . . . . . . . .	Number	 000000A4h   
VK_LSHIFT  . . . . . . . . . . .	Number	 000000A0h   
VK_MENU  . . . . . . . . . . . .	Number	 00000012h   
VK_MULTIPLY  . . . . . . . . . .	Number	 0000006Ah   
VK_NEXT  . . . . . . . . . . . .	Number	 00000022h   
VK_NUMLOCK . . . . . . . . . . .	Number	 00000090h   
VK_NUMPAD0 . . . . . . . . . . .	Number	 00000060h   
VK_NUMPAD1 . . . . . . . . . . .	Number	 00000061h   
VK_NUMPAD2 . . . . . . . . . . .	Number	 00000062h   
VK_NUMPAD3 . . . . . . . . . . .	Number	 00000063h   
VK_NUMPAD4 . . . . . . . . . . .	Number	 00000064h   
VK_NUMPAD5 . . . . . . . . . . .	Number	 00000065h   
VK_NUMPAD6 . . . . . . . . . . .	Number	 00000066h   
VK_NUMPAD7 . . . . . . . . . . .	Number	 00000067h   
VK_NUMPAD8 . . . . . . . . . . .	Number	 00000068h   
VK_NUMPAD9 . . . . . . . . . . .	Number	 00000069h   
VK_PAUSE . . . . . . . . . . . .	Number	 00000013h   
VK_PRINT . . . . . . . . . . . .	Number	 0000002Ah   
VK_PRIOR . . . . . . . . . . . .	Number	 00000021h   
VK_RBUTTON . . . . . . . . . . .	Number	 00000002h   
VK_RCONTROL  . . . . . . . . . .	Number	 000000A3h   
VK_RETURN  . . . . . . . . . . .	Number	 0000000Dh   
VK_RIGHT . . . . . . . . . . . .	Number	 00000027h   
VK_RMENU . . . . . . . . . . . .	Number	 000000A5h   
VK_RSHIFT  . . . . . . . . . . .	Number	 000000A1h   
VK_SCROLL  . . . . . . . . . . .	Number	 00000091h   
VK_SEPARATER . . . . . . . . . .	Number	 0000006Ch   
VK_SHIFT . . . . . . . . . . . .	Number	 00000010h   
VK_SNAPSHOT  . . . . . . . . . .	Number	 0000002Ch   
VK_SPACE . . . . . . . . . . . .	Number	 00000020h   
VK_SUBTRACT  . . . . . . . . . .	Number	 0000006Dh   
VK_TAB . . . . . . . . . . . . .	Number	 00000009h   
VK_UP  . . . . . . . . . . . . .	Number	 00000026h   
WINDOW_BUFFER_SIZE_EVENT . . . .	Number	 00000004h   
WriteConsoleOutputCharacter  . .	Text   	 WriteConsoleOutputCharacterA
WriteConsole . . . . . . . . . .	Text   	 WriteConsoleA
black  . . . . . . . . . . . . .	Number	 00000000h   
blue . . . . . . . . . . . . . .	Number	 00000001h   
brown  . . . . . . . . . . . . .	Number	 00000006h   
cent . . . . . . . . . . . . . .	Byte	 00000299 _DATA	
change . . . . . . . . . . . . .	DWord	 000002B4 _DATA	
choice . . . . . . . . . . . . .	DWord	 000002B8 _DATA	
cost1  . . . . . . . . . . . . .	DWord	 000002C8 _DATA	
cost2  . . . . . . . . . . . . .	DWord	 000002CC _DATA	
cost3  . . . . . . . . . . . . .	DWord	 000002D0 _DATA	
cost4  . . . . . . . . . . . . .	DWord	 000002D4 _DATA	
cyan . . . . . . . . . . . . . .	Number	 00000003h   
exit . . . . . . . . . . . . . .	Text   	 INVOKE ExitProcess,0
fifty  . . . . . . . . . . . . .	DWord	 000002C4 _DATA	
flavour  . . . . . . . . . . . .	DWord	 000002A0 _DATA	
gray . . . . . . . . . . . . . .	Number	 00000008h   
green  . . . . . . . . . . . . .	Number	 00000002h   
input1 . . . . . . . . . . . . .	DWord	 000002A4 _DATA	
input2 . . . . . . . . . . . . .	DWord	 000002A8 _DATA	
input3 . . . . . . . . . . . . .	DWord	 000002AC _DATA	
item1  . . . . . . . . . . . . .	Byte	 000000D2 _DATA	
item2  . . . . . . . . . . . . .	Byte	 000000FD _DATA	
item3  . . . . . . . . . . . . .	Byte	 0000012D _DATA	
item4  . . . . . . . . . . . . .	Byte	 00000156 _DATA	
lightBlue  . . . . . . . . . . .	Number	 00000009h   
lightCyan  . . . . . . . . . . .	Number	 0000000Bh   
lightGray  . . . . . . . . . . .	Number	 00000007h   
lightGreen . . . . . . . . . . .	Number	 0000000Ah   
lightMagenta . . . . . . . . . .	Number	 0000000Dh   
lightRed . . . . . . . . . . . .	Number	 0000000Ch   
magenta  . . . . . . . . . . . .	Number	 00000005h   
q1 . . . . . . . . . . . . . . .	Byte	 00000224 _DATA	
red  . . . . . . . . . . . . . .	Number	 00000004h   
sry  . . . . . . . . . . . . . .	Byte	 00000256 _DATA	
str1 . . . . . . . . . . . . . .	Byte	 00000191 _DATA	
str2 . . . . . . . . . . . . . .	Byte	 000001AF _DATA	
str3 . . . . . . . . . . . . . .	Byte	 000001BA _DATA	
str4 . . . . . . . . . . . . . .	Byte	 000001C5 _DATA	
str5 . . . . . . . . . . . . . .	Byte	 000001D0 _DATA	
str6 . . . . . . . . . . . . . .	Byte	 000001E9 _DATA	
str7 . . . . . . . . . . . . . .	Byte	 00000206 _DATA	
str8 . . . . . . . . . . . . . .	Byte	 0000021A _DATA	
ten  . . . . . . . . . . . . . .	DWord	 000002BC _DATA	
total  . . . . . . . . . . . . .	DWord	 000002B0 _DATA	
twenty . . . . . . . . . . . . .	DWord	 000002C0 _DATA	
white  . . . . . . . . . . . . .	Number	 0000000Fh   
wsprintf . . . . . . . . . . . .	Text   	 wsprintfA
yellow . . . . . . . . . . . . .	Number	 0000000Eh   

	   0 Warnings
	   0 Errors
